\BOOKMARK [1][-]{section.1}{\376\377\000M\000a\000r\000c\000o\000\040\000g\000e\000n\000e\000r\000a\000l}{}% 1
\BOOKMARK [2][-]{subsection.1.1}{\376\377\000D\000a\000t\000o\000s\000,\000\040\000c\000a\000r\000a\000c\000t\000e\000r\000\355\000s\000t\000i\000c\000a\000s\000\040\000y\000\040\000t\000r\000a\000n\000s\000f\000o\000r\000m\000a\000c\000i\000o\000n\000e\000s\000\040\000a\000j\000u\000s\000t\000a\000d\000a\000s}{section.1}% 2
\BOOKMARK [1][-]{section.2}{\376\377\000L\000i\000m\000p\000i\000e\000z\000a\000\040\000d\000e\000\040\000d\000a\000t\000o\000s}{}% 3
\BOOKMARK [2][-]{subsection.2.1}{\376\377\000V\000a\000l\000o\000r\000e\000s\000\040\000f\000a\000l\000t\000a\000n\000t\000e\000s}{section.2}% 4
\BOOKMARK [2][-]{subsection.2.2}{\376\377\000V\000a\000l\000o\000r\000e\000s\000\040\000a\000t\000\355\000p\000i\000c\000o\000s}{section.2}% 5
\BOOKMARK [2][-]{subsection.2.3}{\376\377\000D\000e\000d\000u\000p\000l\000i\000c\000a\000c\000i\000\363\000n}{section.2}% 6
\BOOKMARK [1][-]{section.3}{\376\377\000S\000e\000l\000e\000c\000c\000i\000\363\000n\000\040\000y\000\040\000e\000x\000t\000r\000a\000c\000c\000i\000\363\000n\000\040\000d\000e\000\040\000c\000a\000r\000a\000c\000t\000e\000r\000\355\000s\000t\000i\000c\000a\000s}{}% 7
\BOOKMARK [2][-]{subsection.3.1}{\376\377\000M\000\351\000t\000o\000d\000o\000s\000\040\000d\000e\000\040\000f\000i\000l\000t\000r\000o}{section.3}% 8
\BOOKMARK [2][-]{subsection.3.2}{\376\377\000R\000e\000d\000u\000n\000d\000a\000n\000c\000i\000a\000,\000\040\000c\000o\000l\000i\000n\000e\000a\000l\000i\000d\000a\000d\000\040\000y\000\040\000f\000u\000g\000a\000\040\000d\000e\000l\000\040\000o\000b\000j\000e\000t\000i\000v\000o}{section.3}% 9
\BOOKMARK [2][-]{subsection.3.3}{\376\377\000E\000x\000t\000r\000a\000c\000c\000i\000\363\000n\000\040\000l\000i\000n\000e\000a\000l\000:\000\040\000a\000n\000\341\000l\000i\000s\000i\000s\000\040\000d\000e\000\040\000c\000o\000m\000p\000o\000n\000e\000n\000t\000e\000s\000\040\000p\000r\000i\000n\000c\000i\000p\000a\000l\000e\000s}{section.3}% 10
\BOOKMARK [1][-]{section.4}{\376\377\000E\000s\000c\000a\000l\000a\000d\000o\000\040\000d\000e\000\040\000c\000a\000r\000a\000c\000t\000e\000r\000\355\000s\000t\000i\000c\000a\000s\000\040\000n\000u\000m\000\351\000r\000i\000c\000a\000s}{}% 11
\BOOKMARK [2][-]{subsection.4.1}{\376\377\000P\000o\000r\000\040\000q\000u\000\351\000\040\000i\000m\000p\000o\000r\000t\000a\000\040\000l\000a\000\040\000e\000s\000c\000a\000l\000a}{section.4}% 12
\BOOKMARK [2][-]{subsection.4.2}{\376\377\000L\000a\000\040\000f\000a\000m\000i\000l\000i\000a\000\040\000d\000e\000\040\000e\000s\000c\000a\000l\000a\000d\000o\000r\000e\000s\000\040\000a\000f\000i\000n\000e\000s}{section.4}% 13
\BOOKMARK [1][-]{section.5}{\376\377\000T\000r\000a\000n\000s\000f\000o\000r\000m\000a\000c\000i\000o\000n\000e\000s\000\040\000n\000o\000\040\000l\000i\000n\000e\000a\000l\000e\000s}{}% 14
\BOOKMARK [2][-]{subsection.5.1}{\376\377\000A\000s\000i\000m\000e\000t\000r\000\355\000a\000\040\000p\000o\000r\000\040\000c\000u\000a\000n\000t\000i\000l\000e\000s\000\040\000y\000\040\000t\000r\000a\000n\000s\000f\000o\000r\000m\000a\000c\000i\000o\000n\000e\000s\000\040\000c\000\363\000n\000c\000a\000v\000a\000s}{section.5}% 15
\BOOKMARK [2][-]{subsection.5.2}{\376\377\000L\000a\000\040\000e\000s\000c\000a\000l\000e\000r\000a\000\040\000d\000e\000\040\000p\000o\000t\000e\000n\000c\000i\000a\000s\000\040\000y\000\040\000l\000a\000\040\000f\000a\000m\000i\000l\000i\000a\000\040\000d\000e\000\040\000B\000o\000x\040\023\000C\000o\000x}{section.5}% 16
\BOOKMARK [2][-]{subsection.5.3}{\376\377\000Y\000e\000o\040\023\000J\000o\000h\000n\000s\000o\000n\000:\000\040\000c\000e\000r\000o\000s\000\040\000y\000\040\000n\000e\000g\000a\000t\000i\000v\000o\000s}{section.5}% 17
\BOOKMARK [2][-]{subsection.5.4}{\376\377\000E\000s\000t\000a\000b\000i\000l\000i\000z\000a\000c\000i\000\363\000n\000\040\000d\000e\000\040\000l\000a\000\040\000v\000a\000r\000i\000a\000n\000z\000a}{section.5}% 18
\BOOKMARK [2][-]{subsection.5.5}{\376\377\000L\000o\000g\000a\000r\000i\000t\000m\000o\000\040\000y\000\040\000r\000a\000\355\000c\000e\000s\000:\000\040\000c\000a\000s\000o\000s\000\040\000p\000a\000r\000t\000i\000c\000u\000l\000a\000r\000e\000s\000\040\000y\000\040\000c\000o\000n\000t\000r\000a\000s\000t\000e}{section.5}% 19
\BOOKMARK [1][-]{section.6}{\376\377\000D\000i\000s\000c\000r\000e\000t\000i\000z\000a\000c\000i\000\363\000n}{}% 20
\BOOKMARK [1][-]{section.7}{\376\377\000C\000o\000d\000i\000f\000i\000c\000a\000c\000i\000\363\000n\000\040\000d\000e\000\040\000v\000a\000r\000i\000a\000b\000l\000e\000s\000\040\000c\000a\000t\000e\000g\000\363\000r\000i\000c\000a\000s}{}% 21
\BOOKMARK [2][-]{subsection.7.1}{\376\377\000C\000o\000d\000i\000f\000i\000c\000a\000c\000i\000\363\000n\000\040\000p\000o\000r\000\040\000e\000t\000i\000q\000u\000e\000t\000a\000s\000\040\000u\000\040\000o\000r\000d\000i\000n\000a\000l}{section.7}% 22
\BOOKMARK [2][-]{subsection.7.2}{\376\377\000C\000o\000d\000i\000f\000i\000c\000a\000c\000i\000\363\000n\000\040\000o\000n\000e\000-\000h\000o\000t}{section.7}% 23
\BOOKMARK [2][-]{subsection.7.3}{\376\377\000C\000o\000d\000i\000f\000i\000c\000a\000c\000i\000\363\000n\000\040\000b\000i\000n\000a\000r\000i\000a}{section.7}% 24
\BOOKMARK [2][-]{subsection.7.4}{\376\377\000H\000a\000s\000h\000i\000n\000g\000\040\000d\000e\000\040\000c\000a\000r\000a\000c\000t\000e\000r\000\355\000s\000t\000i\000c\000a\000s}{section.7}% 25
\BOOKMARK [2][-]{subsection.7.5}{\376\377\000C\000o\000n\000t\000r\000a\000s\000t\000e\000\040\000d\000e\000\040\000l\000a\000s\000\040\000c\000o\000d\000i\000f\000i\000c\000a\000c\000i\000o\000n\000e\000s}{section.7}% 26
\BOOKMARK [1][-]{section.8}{\376\377\000S\000e\000r\000i\000e\000s\000\040\000d\000e\000\040\000t\000i\000e\000m\000p\000o}{}% 27
\BOOKMARK [2][-]{subsection.8.1}{\376\377\000D\000e\000s\000c\000o\000m\000p\000o\000s\000i\000c\000i\000\363\000n\000\040\000d\000e\000\040\000l\000a\000\040\000f\000e\000c\000h\000a\000\040\000y\000\040\000c\000o\000d\000i\000f\000i\000c\000a\000c\000i\000\363\000n\000\040\000c\000\355\000c\000l\000i\000c\000a}{section.8}% 28
\BOOKMARK [2][-]{subsection.8.2}{\376\377\000R\000e\000z\000a\000g\000o\000s\000\040\000y\000\040\000a\000u\000t\000o\000c\000o\000r\000r\000e\000l\000a\000c\000i\000\363\000n}{section.8}% 29
\BOOKMARK [2][-]{subsection.8.3}{\376\377\000V\000e\000n\000t\000a\000n\000a\000s\000\040\000m\000\363\000v\000i\000l\000e\000s}{section.8}% 30
\BOOKMARK [1][-]{section.9}{\376\377\000I\000m\000\341\000g\000e\000n\000e\000s}{}% 31
\BOOKMARK [2][-]{subsection.9.1}{\376\377\000N\000o\000r\000m\000a\000l\000i\000z\000a\000c\000i\000\363\000n\000\040\000d\000e\000\040\000p\000\355\000x\000e\000l\000e\000s}{section.9}% 32
\BOOKMARK [2][-]{subsection.9.2}{\376\377\000C\000a\000r\000a\000c\000t\000e\000r\000\355\000s\000t\000i\000c\000a\000s\000\040\000d\000i\000s\000e\000\361\000a\000d\000a\000s\000\040\000a\000\040\000m\000a\000n\000o\000:\000\040\000b\000o\000r\000d\000e\000s}{section.9}% 33
\BOOKMARK [2][-]{subsection.9.3}{\376\377\000C\000o\000n\000v\000o\000l\000u\000c\000i\000\363\000n\000\040\000y\000\040\000r\000e\000d\000e\000s\000\040\000c\000o\000n\000v\000o\000l\000u\000c\000i\000o\000n\000a\000l\000e\000s}{section.9}% 34
\BOOKMARK [1][-]{section.10}{\376\377\000T\000e\000x\000t\000o}{}% 35
\BOOKMARK [2][-]{subsection.10.1}{\376\377\000T\000o\000k\000e\000n\000i\000z\000a\000c\000i\000\363\000n\000\040\000y\000\040\000b\000o\000l\000s\000a\000\040\000d\000e\000\040\000p\000a\000l\000a\000b\000r\000a\000s}{section.10}% 36
\BOOKMARK [2][-]{subsection.10.2}{\376\377\000P\000a\000l\000a\000b\000r\000a\000s\000\040\000v\000a\000c\000\355\000a\000s\000,\000\040\000p\000o\000n\000d\000e\000r\000a\000c\000i\000\363\000n\000\040\000T\000F\000-\000I\000D\000F\000\040\000y\000\040\000r\000e\000d\000u\000c\000c\000i\000\363\000n\000\040\000a\000\040\000r\000a\000\355\000c\000e\000s}{section.10}% 37
\BOOKMARK [2][-]{subsection.10.3}{\376\377\000N\000-\000g\000r\000a\000m\000a\000s}{section.10}% 38
\BOOKMARK [2][-]{subsection.10.4}{\376\377\000E\000m\000b\000e\000d\000d\000i\000n\000g\000s\000\040\000d\000e\000\040\000p\000a\000l\000a\000b\000r\000a\000s}{section.10}% 39
\BOOKMARK [2][-]{subsection.10.5}{\376\377\000T\000o\000k\000e\000n\000i\000z\000a\000c\000i\000\363\000n\000\040\000e\000n\000\040\000m\000o\000d\000e\000l\000o\000s\000\040\000f\000u\000n\000d\000a\000c\000i\000o\000n\000a\000l\000e\000s}{section.10}% 40
\BOOKMARK [1][-]{section.11}{\376\377\000D\000e\000s\000b\000a\000l\000a\000n\000c\000e\000\040\000d\000e\000\040\000c\000l\000a\000s\000e\000s}{}% 41
\BOOKMARK [2][-]{subsection.11.1}{\376\377\000P\000o\000n\000d\000e\000r\000a\000c\000i\000\363\000n\000\040\000y\000\040\000r\000e\000m\000u\000e\000s\000t\000r\000e\000o}{section.11}% 42
\BOOKMARK [2][-]{subsection.11.2}{\376\377\000S\000M\000O\000T\000E}{section.11}% 43
\BOOKMARK [2][-]{subsection.11.3}{\376\377\000A\000u\000m\000e\000n\000t\000o\000\040\000d\000e\000\040\000d\000a\000t\000o\000s}{section.11}% 44
\BOOKMARK [2][-]{subsection.11.4}{\376\377\000M\000\351\000t\000r\000i\000c\000a\000s\000\040\000d\000e\000\040\000s\000e\000s\000g\000o\000\040\000p\000r\000e\000v\000i\000a\000s\000\040\000a\000l\000\040\000e\000n\000t\000r\000e\000n\000a\000m\000i\000e\000n\000t\000o}{section.11}% 45
\BOOKMARK [1][-]{section.12}{\376\377\000D\000i\000v\000i\000s\000i\000\363\000n\000\040\000d\000e\000\040\000d\000a\000t\000o\000s\000\040\000y\000\040\000f\000u\000g\000a}{}% 46
\BOOKMARK [1][-]{section.13}{\376\377\000S\000e\000r\000v\000i\000c\000i\000o\000s\000\040\000d\000e\000\040\000A\000W\000S\000\040\000d\000o\000n\000d\000e\000\040\000s\000e\000\040\000a\000p\000l\000i\000c\000a\000n\000\040\000l\000a\000s\000\040\000t\000\351\000c\000n\000i\000c\000a\000s}{}% 47
